============================================
    SYSTEM HEALTH MONITOR
============================================

Report Generated: Tue Apr 21 23:07:46 BST 2026
Hostname: habibs-MacBook-Air.local

Environment: prod
============================================

=== PRODUCTION MODE: FULL CHECK ===

System Uptime:
23:07  up  9:55, 1 user, load averages: 1.67 1.65 1.64

Memory Utilization:

Disk Utilization:
Filesystem        Size    Used   Avail Capacity iused ifree %iused  Mounted on
/dev/disk3s1s1   228Gi    11Gi    45Gi    21%    427k  469M    0%   /  ✅ OK
devfs            199Ki   199Ki     0Bi   100%     692     0  100%   /dev  ✅ OK
/dev/disk3s6     228Gi   2.0Gi    45Gi     5%       2  469M    0%   /System/Volumes/VM  ✅ OK
/dev/disk3s2     228Gi    13Gi    45Gi    23%    1.8k  469M    0%   /System/Volumes/Preboot  ✅ OK
/dev/disk3s4     228Gi   727Mi    45Gi     2%     327  469M    0%   /System/Volumes/Update  ✅ OK
/dev/disk1s2     500Mi   6.0Mi   481Mi     2%       1  4.9M    0%   /System/Volumes/xarts  ✅ OK
/dev/disk1s1     500Mi   6.0Mi   481Mi     2%      31  4.9M    0%   /System/Volumes/iSCPreboot  ✅ OK
/dev/disk1s3     500Mi   2.1Mi   481Mi     1%     100  4.9M    0%   /System/Volumes/Hardware  ✅ OK
/dev/disk3s5     228Gi   154Gi    45Gi    78%    1.3M  469M    0%   /System/Volumes/Data  ✅ OK
map auto_home      0Bi     0Bi     0Bi   100%       0     0     -   /System/Volumes/Data/home  ✅ OK
/dev/disk3s1     228Gi    11Gi    45Gi    21%    427k  469M    0%   /System/Volumes/Update/mnt1  ✅ OK

=== SERVICE HEALTH ===

❌ nginx is NOT running

=== NETWORK CONNECTIVITY ===

Checking connection to google.com...
✅ HTTP connection successful

============================================
    HEALTH CHECK COMPLETE
============================================
